com/dashboard/Model/User.class
com/dashboard/Service/ManufactureService.class
com/dashboard/Service/UserService.class
com/dashboard/Repository/SellRepository.class
com/dashboard/MainApp.class
com/dashboard/Model/Demand.class
com/dashboard/Controller/AuthController.class
com/dashboard/Config/SchemaFilter.class
com/dashboard/Repository/stuffRepository.class
com/dashboard/Model/Manufacture.class
com/dashboard/Controller/SellController.class
com/dashboard/Repository/ManufactureRepository.class
com/dashboard/Controller/ManufactureController.class
com/dashboard/Repository/UserRepository.class
com/dashboard/Model/stuff.class
com/dashboard/DTO/PerformanceResultDTO.class
com/dashboard/Repository/DemandRepository.class
com/dashboard/Controller/DemandController.class
com/dashboard/Service/JavaMailService.class
com/dashboard/Service/SellService.class
com/dashboard/Controller/stuffController.class
com/dashboard/Model/Sell.class
com/dashboard/Service/stuffService.class
com/dashboard/DTO/LoginRequest.class
com/dashboard/Config/PasswordUtil.class
