/Users/alperyigit/Desktop/dashboardbackend/dashboard/src/main/java/com/dashboard/Config/PasswordUtil.java
/Users/alperyigit/Desktop/dashboardbackend/dashboard/src/main/java/com/dashboard/Config/SchemaFilter.java
/Users/alperyigit/Desktop/dashboardbackend/dashboard/src/main/java/com/dashboard/Controller/AuthController.java
/Users/alperyigit/Desktop/dashboardbackend/dashboard/src/main/java/com/dashboard/Controller/DemandController.java
/Users/alperyigit/Desktop/dashboardbackend/dashboard/src/main/java/com/dashboard/Controller/ManufactureController.java
/Users/alperyigit/Desktop/dashboardbackend/dashboard/src/main/java/com/dashboard/Controller/SellController.java
/Users/alperyigit/Desktop/dashboardbackend/dashboard/src/main/java/com/dashboard/Controller/stuffController.java
/Users/alperyigit/Desktop/dashboardbackend/dashboard/src/main/java/com/dashboard/DTO/LoginRequest.java
/Users/alperyigit/Desktop/dashboardbackend/dashboard/src/main/java/com/dashboard/DTO/PerformanceResultDTO.java
/Users/alperyigit/Desktop/dashboardbackend/dashboard/src/main/java/com/dashboard/MainApp.java
/Users/alperyigit/Desktop/dashboardbackend/dashboard/src/main/java/com/dashboard/Model/Demand.java
/Users/alperyigit/Desktop/dashboardbackend/dashboard/src/main/java/com/dashboard/Model/Manufacture.java
/Users/alperyigit/Desktop/dashboardbackend/dashboard/src/main/java/com/dashboard/Model/Sell.java
/Users/alperyigit/Desktop/dashboardbackend/dashboard/src/main/java/com/dashboard/Model/User.java
/Users/alperyigit/Desktop/dashboardbackend/dashboard/src/main/java/com/dashboard/Model/stuff.java
/Users/alperyigit/Desktop/dashboardbackend/dashboard/src/main/java/com/dashboard/Repository/DemandRepository.java
/Users/alperyigit/Desktop/dashboardbackend/dashboard/src/main/java/com/dashboard/Repository/ManufactureRepository.java
/Users/alperyigit/Desktop/dashboardbackend/dashboard/src/main/java/com/dashboard/Repository/SellRepository.java
/Users/alperyigit/Desktop/dashboardbackend/dashboard/src/main/java/com/dashboard/Repository/UserRepository.java
/Users/alperyigit/Desktop/dashboardbackend/dashboard/src/main/java/com/dashboard/Repository/stuffRepository.java
/Users/alperyigit/Desktop/dashboardbackend/dashboard/src/main/java/com/dashboard/Service/JavaMailService.java
/Users/alperyigit/Desktop/dashboardbackend/dashboard/src/main/java/com/dashboard/Service/ManufactureService.java
/Users/alperyigit/Desktop/dashboardbackend/dashboard/src/main/java/com/dashboard/Service/SellService.java
/Users/alperyigit/Desktop/dashboardbackend/dashboard/src/main/java/com/dashboard/Service/UserService.java
/Users/alperyigit/Desktop/dashboardbackend/dashboard/src/main/java/com/dashboard/Service/stuffService.java
