/Users/alperyigit/Desktop/dashboardbackend/dashboard/src/test/java/com/dashboard/AuthControllerTest.java
/Users/alperyigit/Desktop/dashboardbackend/dashboard/src/test/java/com/dashboard/DashboardApplicationTest.java
/Users/alperyigit/Desktop/dashboardbackend/dashboard/src/test/java/com/dashboard/DemandControllerTest.java
/Users/alperyigit/Desktop/dashboardbackend/dashboard/src/test/java/com/dashboard/JavaMailServiceTest.java
/Users/alperyigit/Desktop/dashboardbackend/dashboard/src/test/java/com/dashboard/ManufactureControllerTest.java
/Users/alperyigit/Desktop/dashboardbackend/dashboard/src/test/java/com/dashboard/ManufactureServiceTest.java
/Users/alperyigit/Desktop/dashboardbackend/dashboard/src/test/java/com/dashboard/SellControllerTest.java
/Users/alperyigit/Desktop/dashboardbackend/dashboard/src/test/java/com/dashboard/SellServiceTest.java
/Users/alperyigit/Desktop/dashboardbackend/dashboard/src/test/java/com/dashboard/TestMailConfig.java
/Users/alperyigit/Desktop/dashboardbackend/dashboard/src/test/java/com/dashboard/UserServiceTest.java
/Users/alperyigit/Desktop/dashboardbackend/dashboard/src/test/java/com/dashboard/stuffControllerTest.java
/Users/alperyigit/Desktop/dashboardbackend/dashboard/src/test/java/com/dashboard/stuffServiceTest.java
/Users/alperyigit/Desktop/dashboardbackend/dashboard/src/test/java/com/ygt/dashboard/DemandControllerTest.java
